../Core/Src/main.c:147:6:SendFloat	40	static
../Core/Src/main.c:173:6:HAL_GPIO_EXTI_Callback	24	static
../Core/Src/main.c:190:6:delay	16	static
../Core/Src/main.c:196:6:Set_Pin_Output	40	static
../Core/Src/main.c:204:6:Set_Pin_Input	40	static
../Core/Src/main.c:213:6:DHT_Start	8	static
../Core/Src/main.c:226:9:DHT_Check_Response	16	static
../Core/Src/main.c:241:9:DHT_Read	16	static
../Core/Src/main.c:263:6:DHT_GetData	16	static
../Core/Src/main.c:283:9:read_register	40	static
../Core/Src/main.c:289:6:write_register	32	static
../Core/Src/main.c:293:9:convert_accel	24	static
../Core/Src/main.c:302:6:read_accel	48	static
../Core/Src/main.c:317:5:main	96	static
../Core/Src/main.c:444:6:SystemClock_Config	120	static
../Core/Src/main.c:504:13:MX_ADC1_Init	48	static
../Core/Src/main.c:573:13:MX_FDCAN1_Init	8	static
../Core/Src/main.c:626:13:MX_I2C1_Init	8	static
../Core/Src/main.c:674:13:MX_TIM6_Init	24	static
../Core/Src/main.c:712:13:MX_USART3_UART_Init	8	static
../Core/Src/main.c:760:13:MX_GPIO_Init	48	static
../Core/Src/main.c:823:6:Error_Handler	4	static,ignoring_inline_asm
