../Core/Src/main.c:134:6:SendFloat	40	static
../Core/Src/main.c:161:6:delay	16	static
../Core/Src/main.c:170:6:Set_Pin_Output	40	static
../Core/Src/main.c:179:6:Set_Pin_Input	40	static
../Core/Src/main.c:189:6:DHT_Start	8	static
../Core/Src/main.c:202:9:DHT_Check_Response	16	static
../Core/Src/main.c:218:9:DHT_Read	16	static
../Core/Src/main.c:243:6:DHT_GetData	16	static
../Core/Src/main.c:262:9:read_register	40	static
../Core/Src/main.c:268:6:write_register	32	static
../Core/Src/main.c:273:9:convert_accel	24	static
../Core/Src/main.c:282:6:read_accel	48	static
../Core/Src/main.c:313:6:HAL_GPIO_EXTI_Callback	24	static
../Core/Src/main.c:331:5:main	120	static
../Core/Src/main.c:460:6:SystemClock_Config	120	static
../Core/Src/main.c:520:13:MX_ADC1_Init	48	static
../Core/Src/main.c:589:13:MX_FDCAN1_Init	8	static
../Core/Src/main.c:642:13:MX_I2C1_Init	8	static
../Core/Src/main.c:690:13:MX_TIM6_Init	24	static
../Core/Src/main.c:728:13:MX_TIM7_Init	24	static
../Core/Src/main.c:766:13:MX_USART3_UART_Init	8	static
../Core/Src/main.c:814:13:MX_GPIO_Init	56	static
../Core/Src/main.c:888:6:Error_Handler	4	static,ignoring_inline_asm
